V3 29
FL C:/Users/Cristian/Documents/ISE/ParqueaderoUTP/CARACTERES_ESPECIALES_LCD4BITS_REVB.vhd 2016/04/08.18:27:22 P.20131013
EN work/CARACTERES_ESPECIALES_LCD4BITS_REVB 1528052001 \
      FL C:/Users/Cristian/Documents/ISE/ParqueaderoUTP/CARACTERES_ESPECIALES_LCD4BITS_REVB.vhd \
      PB ieee/std_logic_1164 1381692176
AR work/CARACTERES_ESPECIALES_LCD4BITS_REVB/Behavioral 1528052002 \
      FL C:/Users/Cristian/Documents/ISE/ParqueaderoUTP/CARACTERES_ESPECIALES_LCD4BITS_REVB.vhd \
      EN work/CARACTERES_ESPECIALES_LCD4BITS_REVB 1528052001
FL C:/Users/Cristian/Documents/ISE/ParqueaderoUTP/COLECTO.vhd 2018/05/24.00:10:42 P.20131013
EN work/COLECTO 1528051997 \
      FL C:/Users/Cristian/Documents/ISE/ParqueaderoUTP/COLECTO.vhd \
      PB ieee/std_logic_1164 1381692176 PB ieee/NUMERIC_STD 1381692181 \
      PB ieee/STD_LOGIC_UNSIGNED 1381692179 PB ieee/std_logic_arith 1381692177
AR work/COLECTO/Behavioral 1528051998 \
      FL C:/Users/Cristian/Documents/ISE/ParqueaderoUTP/COLECTO.vhd \
      EN work/COLECTO 1528051997
FL C:/Users/Cristian/Documents/ISE/ParqueaderoUTP/COMANDOS_LCD4BITS_REVB.vhd 2016/04/08.17:14:12 P.20131013
PH work/COMANDOS_LCD4BITS_REVB 1528051991 \
      FL C:/Users/Cristian/Documents/ISE/ParqueaderoUTP/COMANDOS_LCD4BITS_REVB.vhd \
      PB ieee/std_logic_1164 1381692176 PB ieee/NUMERIC_STD 1381692181 \
      PB ieee/STD_LOGIC_UNSIGNED 1381692179
PB work/COMANDOS_LCD4BITS_REVB 1528051992 \
      FL C:/Users/Cristian/Documents/ISE/ParqueaderoUTP/COMANDOS_LCD4BITS_REVB.vhd \
      PH work/COMANDOS_LCD4BITS_REVB 1528051991
FL C:/Users/Cristian/Documents/ISE/ParqueaderoUTP/LIB_LCD4BITS_INTESC_REVB.vhd 2018/06/03.13:52:52 P.20131013
EN work/LIB_LCD4BITS_INTESC_REVB 1528052005 \
      FL C:/Users/Cristian/Documents/ISE/ParqueaderoUTP/LIB_LCD4BITS_INTESC_REVB.vhd \
      PB ieee/std_logic_1164 1381692176 PB ieee/NUMERIC_STD 1381692181 \
      PB ieee/STD_LOGIC_UNSIGNED 1381692179 PB ieee/std_logic_arith 1381692177 \
      PB work/COMANDOS_LCD4BITS_REVB 1528051992 PB work/OP_DIVISION 1528051994
AR work/LIB_LCD4BITS_INTESC_REVB/Behavioral 1528052006 \
      FL C:/Users/Cristian/Documents/ISE/ParqueaderoUTP/LIB_LCD4BITS_INTESC_REVB.vhd \
      EN work/LIB_LCD4BITS_INTESC_REVB 1528052005 CP RS232 CP COLECTO \
      CP PROCESADOR_LCD4BITS_REVB CP CARACTERES_ESPECIALES_LCD4BITS_REVB \
      CP SUMA_COLECTORES
FL C:/Users/Cristian/Documents/ISE/ParqueaderoUTP/OP_DIVISION.vhd 2017/02/24.17:46:52 P.20131013
PH work/OP_DIVISION 1528051993 \
      FL C:/Users/Cristian/Documents/ISE/ParqueaderoUTP/OP_DIVISION.vhd \
      PB ieee/std_logic_1164 1381692176 PB ieee/NUMERIC_STD 1381692181 \
      PB ieee/std_logic_arith 1381692177 PB ieee/STD_LOGIC_UNSIGNED 1381692179
PB work/OP_DIVISION 1528051994 \
      FL C:/Users/Cristian/Documents/ISE/ParqueaderoUTP/OP_DIVISION.vhd \
      PH work/OP_DIVISION 1528051993
FL C:/Users/Cristian/Documents/ISE/ParqueaderoUTP/PROCESADOR_LCD4BITS_REVB.vhd 2016/04/11.14:01:18 P.20131013
EN work/PROCESADOR_LCD4BITS_REVB 1528051999 \
      FL C:/Users/Cristian/Documents/ISE/ParqueaderoUTP/PROCESADOR_LCD4BITS_REVB.vhd \
      PB ieee/std_logic_1164 1381692176 PB ieee/NUMERIC_STD 1381692181 \
      PB ieee/STD_LOGIC_UNSIGNED 1381692179
AR work/PROCESADOR_LCD4BITS_REVB/Behavioral 1528052000 \
      FL C:/Users/Cristian/Documents/ISE/ParqueaderoUTP/PROCESADOR_LCD4BITS_REVB.vhd \
      EN work/PROCESADOR_LCD4BITS_REVB 1528051999
FL C:/Users/Cristian/Documents/ISE/ParqueaderoUTP/RS232.vhd 2014/09/16.11:29:22 P.20131013
EN work/RS232 1528051995 \
      FL C:/Users/Cristian/Documents/ISE/ParqueaderoUTP/RS232.vhd \
      PB ieee/std_logic_1164 1381692176
AR work/RS232/Behavioral 1528051996 \
      FL C:/Users/Cristian/Documents/ISE/ParqueaderoUTP/RS232.vhd EN work/RS232 1528051995
FL C:/Users/Cristian/Documents/ISE/ParqueaderoUTP/SUMA_COLECTORES.vhd 2018/05/24.00:17:24 P.20131013
EN work/SUMA_COLECTORES 1528052003 \
      FL C:/Users/Cristian/Documents/ISE/ParqueaderoUTP/SUMA_COLECTORES.vhd \
      PB ieee/std_logic_1164 1381692176 PB ieee/NUMERIC_STD 1381692181 \
      PB ieee/STD_LOGIC_UNSIGNED 1381692179 PB ieee/std_logic_arith 1381692177
AR work/SUMA_COLECTORES/Behavioral 1528052004 \
      FL C:/Users/Cristian/Documents/ISE/ParqueaderoUTP/SUMA_COLECTORES.vhd \
      EN work/SUMA_COLECTORES 1528052003
