EN latchsr_aa NULL C:/Users/Cristian/Documents/ISE/LatchSR_ActivoBajo/LatchSR_AA.vhd sub00/vhpl02 1519877571
EN latchsr_ab NULL C:/Users/Cristian/Documents/ISE/LatchSR_ActivoBajo/LatchSR_AB.vhd sub00/vhpl00 1519876669
AR latchsr_aa behavioral C:/Users/Cristian/Documents/ISE/LatchSR_ActivoBajo/LatchSR_AA.vhd sub00/vhpl03 1519877572
EN latchsr_aa_en_aa NULL C:/Users/Cristian/Documents/ISE/LatchSR_ActivoBajo/LatchSR_AA_EN_AA.vhd sub00/vhpl04 1519878849
AR latchsr_ab behavioral C:/Users/Cristian/Documents/ISE/LatchSR_ActivoBajo/LatchSR_AB.vhd sub00/vhpl01 1519876670
AR latchsr_aa_en_aa behavioral C:/Users/Cristian/Documents/ISE/LatchSR_ActivoBajo/LatchSR_AA_EN_AA.vhd sub00/vhpl05 1519878850
