V3 9
FL C:/Users/Cristian/Documents/ISE/LatchSR_ActivoBajo/LatchSR_AA.vhd 2018/02/28.23:12:49 P.20131013
EN work/LatchSR_AA 1519877571 \
      FL C:/Users/Cristian/Documents/ISE/LatchSR_ActivoBajo/LatchSR_AA.vhd \
      PB ieee/std_logic_1164 1381692176
AR work/LatchSR_AA/Behavioral 1519877572 \
      FL C:/Users/Cristian/Documents/ISE/LatchSR_ActivoBajo/LatchSR_AA.vhd \
      EN work/LatchSR_AA 1519877571
FL C:/Users/Cristian/Documents/ISE/LatchSR_ActivoBajo/LatchSR_AA_EN_AA.vhd 2018/02/28.23:34:06 P.20131013
EN work/LatchSR_AA_EN_AA 1519878849 \
      FL C:/Users/Cristian/Documents/ISE/LatchSR_ActivoBajo/LatchSR_AA_EN_AA.vhd \
      PB ieee/std_logic_1164 1381692176
AR work/LatchSR_AA_EN_AA/Behavioral 1519878850 \
      FL C:/Users/Cristian/Documents/ISE/LatchSR_ActivoBajo/LatchSR_AA_EN_AA.vhd \
      EN work/LatchSR_AA_EN_AA 1519878849
FL C:/Users/Cristian/Documents/ISE/LatchSR_ActivoBajo/LatchSR_AB.vhd 2018/02/28.22:57:09 P.20131013
EN work/LatchSR_AB 1519876669 \
      FL C:/Users/Cristian/Documents/ISE/LatchSR_ActivoBajo/LatchSR_AB.vhd \
      PB ieee/std_logic_1164 1381692176
AR work/LatchSR_AB/Behavioral 1519876670 \
      FL C:/Users/Cristian/Documents/ISE/LatchSR_ActivoBajo/LatchSR_AB.vhd \
      EN work/LatchSR_AB 1519876669
