Release 14.7 - xst P.20131013 (nt64)
Copyright (c) 1995-2013 Xilinx, Inc.  All rights reserved.
--> Parameter TMPDIR set to xst/projnav.tmp


Total REAL time to Xst completion: 0.00 secs
Total CPU time to Xst completion: 0.17 secs
 
--> Parameter xsthdpdir set to xst


Total REAL time to Xst completion: 0.00 secs
Total CPU time to Xst completion: 0.17 secs
 
--> Reading design: LIB_LCD_INTESC_REVC.prj

TABLE OF CONTENTS
  1) Synthesis Options Summary
  2) HDL Compilation
  3) Design Hierarchy Analysis
  4) HDL Analysis
  5) HDL Synthesis
     5.1) HDL Synthesis Report
  6) Advanced HDL Synthesis
     6.1) Advanced HDL Synthesis Report
  7) Low Level Synthesis
  8) Partition Report
  9) Final Report
	9.1) Device utilization summary
	9.2) Partition Resource Summary
	9.3) TIMING REPORT


=========================================================================
*                      Synthesis Options Summary                        *
=========================================================================
---- Source Parameters
Input File Name                    : "LIB_LCD_INTESC_REVC.prj"
Input Format                       : mixed
Ignore Synthesis Constraint File   : NO

---- Target Parameters
Output File Name                   : "LIB_LCD_INTESC_REVC"
Output Format                      : NGC
Target Device                      : xc3s500e-4-fg320

---- Source Options
Top Module Name                    : LIB_LCD_INTESC_REVC
Automatic FSM Extraction           : YES
FSM Encoding Algorithm             : Auto
Safe Implementation                : No
FSM Style                          : LUT
RAM Extraction                     : Yes
RAM Style                          : Auto
ROM Extraction                     : Yes
Mux Style                          : Auto
Decoder Extraction                 : YES
Priority Encoder Extraction        : Yes
Shift Register Extraction          : YES
Logical Shifter Extraction         : YES
XOR Collapsing                     : YES
ROM Style                          : Auto
Mux Extraction                     : Yes
Resource Sharing                   : YES
Asynchronous To Synchronous        : NO
Multiplier Style                   : Auto
Automatic Register Balancing       : No

---- Target Options
Add IO Buffers                     : YES
Global Maximum Fanout              : 100000
Add Generic Clock Buffer(BUFG)     : 24
Register Duplication               : YES
Slice Packing                      : YES
Optimize Instantiated Primitives   : NO
Use Clock Enable                   : Yes
Use Synchronous Set                : Yes
Use Synchronous Reset              : Yes
Pack IO Registers into IOBs        : Auto
Equivalent register Removal        : YES

---- General Options
Optimization Goal                  : Speed
Optimization Effort                : 1
Keep Hierarchy                     : No
Netlist Hierarchy                  : As_Optimized
RTL Output                         : Yes
Global Optimization                : AllClockNets
Read Cores                         : YES
Write Timing Constraints           : NO
Cross Clock Analysis               : NO
Hierarchy Separator                : /
Bus Delimiter                      : <>
Case Specifier                     : Maintain
Slice Utilization Ratio            : 100
BRAM Utilization Ratio             : 100
Verilog 2001                       : YES
Auto BRAM Packing                  : NO
Slice Utilization Ratio Delta      : 5

=========================================================================


=========================================================================
*                          HDL Compilation                              *
=========================================================================
Compiling vhdl file "C:/Users/Cristian/Documents/ISE/Lcd_16x2/COMANDOS_LCD_REVC.vhd" in Library work.
Architecture comandos_lcd_revc of Entity comandos_lcd_revc is up to date.
Compiling vhdl file "C:/Users/Cristian/Documents/ISE/Lcd_16x2/PROCESADOR_LCD_REVC.vhd" in Library work.
Architecture behavioral of Entity procesador_lcd_revc is up to date.
Compiling vhdl file "C:/Users/Cristian/Documents/ISE/Lcd_16x2/CARACTERES_ESPECIALES_REVC.vhd" in Library work.
Architecture behavioral of Entity caracteres_especiales_revc is up to date.
Compiling vhdl file "C:/Users/Cristian/Documents/ISE/Lcd_16x2/LIB_LCD_INTESC_REVC.vhd" in Library work.
Entity <lib_lcd_intesc_revc> compiled.
Entity <lib_lcd_intesc_revc> (Architecture <behavioral>) compiled.

=========================================================================
*                     Design Hierarchy Analysis                         *
=========================================================================
Analyzing hierarchy for entity <LIB_LCD_INTESC_REVC> in library <work> (architecture <behavioral>).

Analyzing hierarchy for entity <PROCESADOR_LCD_REVC> in library <work> (architecture <behavioral>).

Analyzing hierarchy for entity <CARACTERES_ESPECIALES_REVC> in library <work> (architecture <behavioral>).


=========================================================================
*                            HDL Analysis                               *
=========================================================================
Analyzing Entity <LIB_LCD_INTESC_REVC> in library <work> (Architecture <behavioral>).
WARNING:Xst:790 - "C:/Users/Cristian/Documents/ISE/Lcd_16x2/LIB_LCD_INTESC_REVC.vhd" line 297: Index value(s) does not match array range, simulation mismatch.
INFO:Xst:1433 - Contents of array <INSTRUCCION> may be accessed with an index that exceeds the array size. This could cause simulation mismatch.
Entity <LIB_LCD_INTESC_REVC> analyzed. Unit <LIB_LCD_INTESC_REVC> generated.

Analyzing Entity <PROCESADOR_LCD_REVC> in library <work> (Architecture <behavioral>).
WARNING:Xst:819 - "C:/Users/Cristian/Documents/ISE/Lcd_16x2/PROCESADOR_LCD_REVC.vhd" line 786: One or more signals are missing in the process sensitivity list. To enable synthesis of FPGA/CPLD hardware, XST will assume that all necessary signals are present in the sensitivity list. Please note that the result of the synthesis may differ from the initial design specification. The missing signals are:
   <VECTOR_MEM>, <VEC_CHAR>, <VEC_POS>, <VEC_SHIFT>, <VEC_ASCII>, <VEC_RAM>, <VEC_C_CHAR>, <VEC_L_RAM>, <DATA_A>
INFO:Xst:2679 - Register <RW> in unit <PROCESADOR_LCD_REVC> has a constant value of 0 during circuit operation. The register is replaced by logic.
Entity <PROCESADOR_LCD_REVC> analyzed. Unit <PROCESADOR_LCD_REVC> generated.

Analyzing Entity <CARACTERES_ESPECIALES_REVC> in library <work> (Architecture <behavioral>).
Entity <CARACTERES_ESPECIALES_REVC> analyzed. Unit <CARACTERES_ESPECIALES_REVC> generated.


=========================================================================
*                           HDL Synthesis                               *
=========================================================================

Performing bidirectional port resolution...
INFO:Xst:2679 - Register <DELAY_COR2> in unit <PROCESADOR_LCD_REVC> has a constant value of 01011111010111100001000000 during circuit operation. The register is replaced by logic.

Synthesizing Unit <PROCESADOR_LCD_REVC>.
    Related source file is "C:/Users/Cristian/Documents/ISE/Lcd_16x2/PROCESADOR_LCD_REVC.vhd".
WARNING:Xst:646 - Signal <VEC_S_CHAR> is assigned but never used. This unconnected signal will be trimmed during the optimization process.
WARNING:Xst:646 - Signal <VEC_SHIFT<8>> is assigned but never used. This unconnected signal will be trimmed during the optimization process.
WARNING:Xst:646 - Signal <VEC_POS<8>> is assigned but never used. This unconnected signal will be trimmed during the optimization process.
WARNING:Xst:1780 - Signal <VEC_NUM> is never used or assigned. This unconnected signal will be trimmed during the optimization process.
WARNING:Xst:646 - Signal <VEC_CHAR<8>> is assigned but never used. This unconnected signal will be trimmed during the optimization process.
WARNING:Xst:646 - Signal <VEC_ASCII<8>> is assigned but never used. This unconnected signal will be trimmed during the optimization process.
WARNING:Xst:1780 - Signal <REPITE> is never used or assigned. This unconnected signal will be trimmed during the optimization process.
WARNING:Xst:1780 - Signal <I> is never used or assigned. This unconnected signal will be trimmed during the optimization process.
WARNING:Xst:1780 - Signal <ESTADO_PRESENTE> is never used or assigned. This unconnected signal will be trimmed during the optimization process.
WARNING:Xst:1780 - Signal <ESTADO_FUTURO> is never used or assigned. This unconnected signal will be trimmed during the optimization process.
WARNING:Xst:1780 - Signal <DIR_BF> is never used or assigned. This unconnected signal will be trimmed during the optimization process.
INFO:Xst:1799 - State clear_display2 is never reached in FSM <ESTADO>.
INFO:Xst:1799 - State int_num is never reached in FSM <ESTADO>.
INFO:Xst:1799 - State ena_char is never reached in FSM <ESTADO>.
INFO:Xst:1799 - State enable is never reached in FSM <ESTADO>.
    Found finite state machine <FSM_0> for signal <ESTADO>.
    -----------------------------------------------------------------------
    | States             | 29                                             |
    | Transitions        | 1460                                           |
    | Inputs             | 23                                             |
    | Outputs            | 29                                             |
    | Clock              | CLK                       (rising_edge)        |
    | Power Up State     | checar                                         |
    | Encoding           | automatic                                      |
    | Implementation     | LUT                                            |
    -----------------------------------------------------------------------
WARNING:Xst:737 - Found 8-bit latch for signal <DATA_A>. Latches may be generated from incomplete case or if statements. We do not recommend the use of latches in FPGA/CPLD designs, as they may lead to timing problems.
INFO:Xst:2371 - HDL ADVISOR - Logic functions respectively driving the data and gate enable inputs of this latch share common terms. This situation will potentially lead to setup/hold violations and, as a result, to simulation problems. This situation may come from an incomplete case statement (all selector values are not covered). You should carefully review if it was in your intentions to describe such a latch.
    Found 1-bit register for signal <ENA>.
    Found 8-bit register for signal <BD_LCD>.
    Found 1-bit register for signal <RS>.
    Found 16-bit register for signal <CONTA_DELAY>.
    Found 16-bit adder for signal <CONTA_DELAY$addsub0000>.
    Found 32-bit register for signal <CONTA_DELAY_COR>.
    Found 32-bit adder for signal <CONTA_DELAY_COR$addsub0000>.
    Found 32-bit 4-to-1 multiplexer for signal <CONTA_DELAY_COR$mux0000> created at line 111.
    Found 11-bit register for signal <DIR_BI>.
    Found 16-bit comparator lessequal for signal <ENA$cmp_le0000> created at line 198.
    Found 16-bit comparator less for signal <ENA$cmp_lt0000> created at line 178.
    Found 9-bit comparator greatequal for signal <ESTADO$cmp_ge0000> created at line 134.
    Found 9-bit comparator greatequal for signal <ESTADO$cmp_ge0001> created at line 135.
    Found 9-bit comparator greatequal for signal <ESTADO$cmp_ge0002> created at line 137.
    Found 9-bit comparator greatequal for signal <ESTADO$cmp_ge0003> created at line 139.
    Found 9-bit comparator greatequal for signal <ESTADO$cmp_ge0004> created at line 151.
    Found 9-bit comparator greatequal for signal <ESTADO$cmp_ge0005> created at line 153.
    Found 9-bit comparator greater for signal <ESTADO$cmp_gt0000> created at line 141.
    Found 9-bit comparator lessequal for signal <ESTADO$cmp_le0000> created at line 134.
    Found 9-bit comparator lessequal for signal <ESTADO$cmp_le0001> created at line 135.
    Found 9-bit comparator lessequal for signal <ESTADO$cmp_le0002> created at line 137.
    Found 9-bit comparator lessequal for signal <ESTADO$cmp_le0003> created at line 139.
    Found 9-bit comparator lessequal for signal <ESTADO$cmp_le0004> created at line 141.
    Found 9-bit comparator lessequal for signal <ESTADO$cmp_le0005> created at line 151.
    Found 9-bit comparator lessequal for signal <ESTADO$cmp_le0006> created at line 153.
    Found 11-bit register for signal <INC_DIR_S>.
    Found 11-bit adder for signal <INC_DIR_S$addsub0000>.
    Found 9-bit register for signal <VEC_ASCII>.
    Found 40-bit register for signal <VEC_C_CHAR>.
    Found 9-bit register for signal <VEC_CHAR>.
    Found 9-bit comparator greatequal for signal <VEC_CHAR$cmp_ge0000> created at line 257.
    Found 9-bit comparator lessequal for signal <VEC_CHAR$cmp_le0000> created at line 256.
    Found 9-bit comparator lessequal for signal <VEC_CHAR$cmp_le0001> created at line 257.
    Found 9-bit subtractor for signal <VEC_CHAR$mux0001>.
    Found 8-bit register for signal <VEC_L_RAM>.
    Found 9-bit register for signal <VEC_POS>.
    Found 9-bit comparator greater for signal <VEC_POS$cmp_gt0000> created at line 288.
    Found 9-bit comparator greater for signal <VEC_POS$cmp_gt0001> created at line 287.
    Found 9-bit comparator lessequal for signal <VEC_POS$cmp_le0000> created at line 287.
    Found 12-bit comparator less for signal <VEC_POS$cmp_lt0000> created at line 288.
    Found 9-bit comparator less for signal <VEC_POS$cmp_lt0001> created at line 287.
    Found 9-bit subtractor for signal <VEC_POS$mux0000>.
    Found 8-bit register for signal <VEC_RAM>.
    Found 9-bit register for signal <VEC_SHIFT>.
    Summary:
	inferred   1 Finite State Machine(s).
	inferred 172 D-type flip-flop(s).
	inferred   5 Adder/Subtractor(s).
	inferred  24 Comparator(s).
	inferred  32 Multiplexer(s).
Unit <PROCESADOR_LCD_REVC> synthesized.


Synthesizing Unit <CARACTERES_ESPECIALES_REVC>.
    Related source file is "C:/Users/Cristian/Documents/ISE/Lcd_16x2/CARACTERES_ESPECIALES_REVC.vhd".
WARNING:Xst:647 - Input <CLK> is never used. This port will be preserved and left unconnected if it belongs to a top-level block or it belongs to a sub-block and the hierarchy of this sub-block is preserved.
Unit <CARACTERES_ESPECIALES_REVC> synthesized.


Synthesizing Unit <LIB_LCD_INTESC_REVC>.
    Related source file is "C:/Users/Cristian/Documents/ISE/Lcd_16x2/LIB_LCD_INTESC_REVC.vhd".
WARNING:Xst:1781 - Signal <INSTRUCCION<14:60>> is used but never assigned. Tied to default value.
WARNING:Xst:646 - Signal <DIR<10:6>> is assigned but never used. This unconnected signal will be trimmed during the optimization process.
    Found 61x9-bit ROM for signal <VECTOR_MEM_S>.
    Summary:
	inferred   1 ROM(s).
Unit <LIB_LCD_INTESC_REVC> synthesized.

INFO:Xst:1767 - HDL ADVISOR - Resource sharing has identified that some arithmetic operations in this design can share the same physical resources for reduced device utilization. For improved clock frequency you may try to disable resource sharing.

=========================================================================
HDL Synthesis Report

Macro Statistics
# ROMs                                                 : 1
 61x9-bit ROM                                          : 1
# Adders/Subtractors                                   : 5
 11-bit adder                                          : 1
 16-bit adder                                          : 1
 32-bit adder                                          : 1
 9-bit subtractor                                      : 2
# Registers                                            : 14
 1-bit register                                        : 2
 11-bit register                                       : 2
 16-bit register                                       : 1
 32-bit register                                       : 1
 40-bit register                                       : 1
 8-bit register                                        : 3
 9-bit register                                        : 4
# Latches                                              : 1
 8-bit latch                                           : 1
# Comparators                                          : 24
 12-bit comparator less                                : 1
 16-bit comparator less                                : 1
 16-bit comparator lessequal                           : 1
 9-bit comparator greatequal                           : 7
 9-bit comparator greater                              : 3
 9-bit comparator less                                 : 1
 9-bit comparator lessequal                            : 10
# Multiplexers                                         : 1
 32-bit 4-to-1 multiplexer                             : 1

=========================================================================

=========================================================================
*                       Advanced HDL Synthesis                          *
=========================================================================

Analyzing FSM <FSM_0> for best encoding.
Optimizing FSM <Inst_PROCESADOR_LCD_REVC/ESTADO/FSM> on signal <ESTADO[1:29]> with one-hot encoding.
--------------------------------------------------------
 State                 | Encoding
--------------------------------------------------------
 checar                | 00000000000000000000000000001
 ini_lcd               | 00000000000000000000000000010
 cursor_lcd            | 00000000000100000000000000000
 cursor_home           | 00000000000010000000000000000
 cursor_home2          | 00100000000000000000000000000
 clear_display         | 00000000000001000000000000000
 clear_display2        | unreached
 escribir_lcd          | 00000000000000000000000000100
 enable                | unreached
 posicion              | 00000000000000000000000001000
 cd_shift              | 00000000000000000000000010000
 char_ascii            | 00000000000000000000000100000
 bucle_ini             | 00000000000000000000001000000
 bucle_fin             | 00000000000000000000010000000
 corrimiento_derecha   | 00000000000000001000000000000
 corrimiento_izquierda | 00000000000000010000000000000
 ena_d                 | 01000000000000000000000000000
 ena_i                 | 10000000000000000000000000000
 pos_ram               | 00000000000000000010000000000
 crear_char1           | 00000000001000000000000000000
 crear_char2           | 00000000010000000000000000000
 crear_char3           | 00000000100000000000000000000
 crear_char4           | 00000001000000000000000000000
 crear_char5           | 00000010000000000000000000000
 crear_char6           | 00000100000000000000000000000
 crear_char7           | 00001000000000000000000000000
 crear_char8           | 00010000000000000000000000000
 int_num               | unreached
 ena_char              | unreached
 limpiar_pantalla      | 00000000000000000000100000000
 leer_ram              | 00000000000000000100000000000
 nada                  | 00000000000000000001000000000
 fin                   | 00000000000000100000000000000
--------------------------------------------------------
WARNING:Xst:1290 - Hierarchical block <Inst_CARACTERES_ESPECIALES_REVC> is unconnected in block <LIB_LCD_INTESC_REVC>.
   It will be removed from the design.
WARNING:Xst:1293 - FF/Latch <VEC_SHIFT_0> has a constant value of 0 in block <Inst_PROCESADOR_LCD_REVC>. This FF/Latch will be trimmed during the optimization process.
WARNING:Xst:1293 - FF/Latch <VEC_SHIFT_1> has a constant value of 0 in block <Inst_PROCESADOR_LCD_REVC>. This FF/Latch will be trimmed during the optimization process.
WARNING:Xst:1293 - FF/Latch <VEC_SHIFT_5> has a constant value of 0 in block <Inst_PROCESADOR_LCD_REVC>. This FF/Latch will be trimmed during the optimization process.
WARNING:Xst:1293 - FF/Latch <VEC_SHIFT_6> has a constant value of 0 in block <Inst_PROCESADOR_LCD_REVC>. This FF/Latch will be trimmed during the optimization process.
WARNING:Xst:1293 - FF/Latch <VEC_SHIFT_7> has a constant value of 0 in block <Inst_PROCESADOR_LCD_REVC>. This FF/Latch will be trimmed during the optimization process.
WARNING:Xst:1710 - FF/Latch <VEC_L_RAM_3> (without init value) has a constant value of 0 in block <Inst_PROCESADOR_LCD_REVC>. This FF/Latch will be trimmed during the optimization process.
WARNING:Xst:1710 - FF/Latch <VEC_L_RAM_4> (without init value) has a constant value of 0 in block <Inst_PROCESADOR_LCD_REVC>. This FF/Latch will be trimmed during the optimization process.
WARNING:Xst:1710 - FF/Latch <VEC_L_RAM_5> (without init value) has a constant value of 0 in block <Inst_PROCESADOR_LCD_REVC>. This FF/Latch will be trimmed during the optimization process.
WARNING:Xst:1710 - FF/Latch <VEC_L_RAM_6> (without init value) has a constant value of 0 in block <Inst_PROCESADOR_LCD_REVC>. This FF/Latch will be trimmed during the optimization process.
WARNING:Xst:1710 - FF/Latch <VEC_L_RAM_7> (without init value) has a constant value of 0 in block <Inst_PROCESADOR_LCD_REVC>. This FF/Latch will be trimmed during the optimization process.
WARNING:Xst:1710 - FF/Latch <VEC_RAM_0> (without init value) has a constant value of 0 in block <Inst_PROCESADOR_LCD_REVC>. This FF/Latch will be trimmed during the optimization process.
WARNING:Xst:1710 - FF/Latch <VEC_RAM_1> (without init value) has a constant value of 0 in block <Inst_PROCESADOR_LCD_REVC>. This FF/Latch will be trimmed during the optimization process.
WARNING:Xst:1710 - FF/Latch <VEC_RAM_2> (without init value) has a constant value of 0 in block <Inst_PROCESADOR_LCD_REVC>. This FF/Latch will be trimmed during the optimization process.
WARNING:Xst:1710 - FF/Latch <VEC_RAM_7> (without init value) has a constant value of 0 in block <Inst_PROCESADOR_LCD_REVC>. This FF/Latch will be trimmed during the optimization process.
WARNING:Xst:2677 - Node <VEC_SHIFT_8> of sequential type is unconnected in block <Inst_PROCESADOR_LCD_REVC>.
WARNING:Xst:2677 - Node <VEC_ASCII_8> of sequential type is unconnected in block <Inst_PROCESADOR_LCD_REVC>.
WARNING:Xst:2677 - Node <VEC_POS_8> of sequential type is unconnected in block <Inst_PROCESADOR_LCD_REVC>.
WARNING:Xst:2677 - Node <VEC_CHAR_8> of sequential type is unconnected in block <Inst_PROCESADOR_LCD_REVC>.

Synthesizing (advanced) Unit <LIB_LCD_INTESC_REVC>.
INFO:Xst:3044 - The ROM <Mrom_VECTOR_MEM_S> will be implemented as a read-only BLOCK RAM, absorbing the register: <Inst_PROCESADOR_LCD_REVC/INC_DIR_S>.
INFO:Xst:3225 - The RAM <Mrom_VECTOR_MEM_S> will be implemented as BLOCK RAM
    -----------------------------------------------------------------------
    | ram_type           | Block                               |          |
    -----------------------------------------------------------------------
    | Port A                                                              |
    |     aspect ratio   | 61-word x 9-bit                     |          |
    |     mode           | write-first                         |          |
    |     clkA           | connected to signal <CLK>           | rise     |
    |     weA            | connected to signal <GND>           | high     |
    |     addrA          | connected to internal node          |          |
    |     diA            | connected to signal <GND>           |          |
    |     doA            | connected to signal <VECTOR_MEM_S>  |          |
    -----------------------------------------------------------------------
    | optimization       | speed                               |          |
    -----------------------------------------------------------------------
Unit <LIB_LCD_INTESC_REVC> synthesized (advanced).
WARNING:Xst:2677 - Node <Inst_PROCESADOR_LCD_REVC/VEC_POS_8> of sequential type is unconnected in block <LIB_LCD_INTESC_REVC>.
WARNING:Xst:2677 - Node <Inst_PROCESADOR_LCD_REVC/VEC_CHAR_8> of sequential type is unconnected in block <LIB_LCD_INTESC_REVC>.
WARNING:Xst:2677 - Node <Inst_PROCESADOR_LCD_REVC/VEC_ASCII_8> of sequential type is unconnected in block <LIB_LCD_INTESC_REVC>.
WARNING:Xst:2677 - Node <Inst_PROCESADOR_LCD_REVC/VEC_SHIFT_8> of sequential type is unconnected in block <LIB_LCD_INTESC_REVC>.

=========================================================================
Advanced HDL Synthesis Report

Macro Statistics
# RAMs                                                 : 1
 61x9-bit single-port block RAM                        : 1
# Adders/Subtractors                                   : 5
 11-bit adder                                          : 1
 16-bit adder                                          : 1
 32-bit adder                                          : 1
 9-bit subtractor                                      : 2
# Registers                                            : 197
 Flip-Flops                                            : 197
# Latches                                              : 1
 8-bit latch                                           : 1
# Comparators                                          : 24
 12-bit comparator less                                : 1
 16-bit comparator less                                : 1
 16-bit comparator lessequal                           : 1
 9-bit comparator greatequal                           : 7
 9-bit comparator greater                              : 3
 9-bit comparator less                                 : 1
 9-bit comparator lessequal                            : 10
# Multiplexers                                         : 1
 32-bit 4-to-1 multiplexer                             : 1

=========================================================================

=========================================================================
*                         Low Level Synthesis                           *
=========================================================================
WARNING:Xst:1710 - FF/Latch <Inst_PROCESADOR_LCD_REVC/VEC_RAM_0> (without init value) has a constant value of 0 in block <LIB_LCD_INTESC_REVC>. This FF/Latch will be trimmed during the optimization process.
WARNING:Xst:1895 - Due to other FF/Latch trimming, FF/Latch <Inst_PROCESADOR_LCD_REVC/VEC_RAM_1> (without init value) has a constant value of 0 in block <LIB_LCD_INTESC_REVC>. This FF/Latch will be trimmed during the optimization process.
WARNING:Xst:1895 - Due to other FF/Latch trimming, FF/Latch <Inst_PROCESADOR_LCD_REVC/VEC_RAM_2> (without init value) has a constant value of 0 in block <LIB_LCD_INTESC_REVC>. This FF/Latch will be trimmed during the optimization process.
WARNING:Xst:1895 - Due to other FF/Latch trimming, FF/Latch <Inst_PROCESADOR_LCD_REVC/VEC_RAM_7> (without init value) has a constant value of 0 in block <LIB_LCD_INTESC_REVC>. This FF/Latch will be trimmed during the optimization process.
WARNING:Xst:1895 - Due to other FF/Latch trimming, FF/Latch <Inst_PROCESADOR_LCD_REVC/VEC_L_RAM_3> (without init value) has a constant value of 0 in block <LIB_LCD_INTESC_REVC>. This FF/Latch will be trimmed during the optimization process.
WARNING:Xst:1895 - Due to other FF/Latch trimming, FF/Latch <Inst_PROCESADOR_LCD_REVC/VEC_L_RAM_4> (without init value) has a constant value of 0 in block <LIB_LCD_INTESC_REVC>. This FF/Latch will be trimmed during the optimization process.
WARNING:Xst:1895 - Due to other FF/Latch trimming, FF/Latch <Inst_PROCESADOR_LCD_REVC/VEC_L_RAM_5> (without init value) has a constant value of 0 in block <LIB_LCD_INTESC_REVC>. This FF/Latch will be trimmed during the optimization process.
WARNING:Xst:1895 - Due to other FF/Latch trimming, FF/Latch <Inst_PROCESADOR_LCD_REVC/VEC_L_RAM_6> (without init value) has a constant value of 0 in block <LIB_LCD_INTESC_REVC>. This FF/Latch will be trimmed during the optimization process.
WARNING:Xst:1895 - Due to other FF/Latch trimming, FF/Latch <Inst_PROCESADOR_LCD_REVC/VEC_L_RAM_7> (without init value) has a constant value of 0 in block <LIB_LCD_INTESC_REVC>. This FF/Latch will be trimmed during the optimization process.
WARNING:Xst:1896 - Due to other FF/Latch trimming, FF/Latch <Inst_PROCESADOR_LCD_REVC/VEC_SHIFT_0> has a constant value of 0 in block <LIB_LCD_INTESC_REVC>. This FF/Latch will be trimmed during the optimization process.
WARNING:Xst:1896 - Due to other FF/Latch trimming, FF/Latch <Inst_PROCESADOR_LCD_REVC/VEC_SHIFT_1> has a constant value of 0 in block <LIB_LCD_INTESC_REVC>. This FF/Latch will be trimmed during the optimization process.
WARNING:Xst:1896 - Due to other FF/Latch trimming, FF/Latch <Inst_PROCESADOR_LCD_REVC/VEC_SHIFT_5> has a constant value of 0 in block <LIB_LCD_INTESC_REVC>. This FF/Latch will be trimmed during the optimization process.
WARNING:Xst:1896 - Due to other FF/Latch trimming, FF/Latch <Inst_PROCESADOR_LCD_REVC/VEC_SHIFT_6> has a constant value of 0 in block <LIB_LCD_INTESC_REVC>. This FF/Latch will be trimmed during the optimization process.
WARNING:Xst:1896 - Due to other FF/Latch trimming, FF/Latch <Inst_PROCESADOR_LCD_REVC/VEC_SHIFT_7> has a constant value of 0 in block <LIB_LCD_INTESC_REVC>. This FF/Latch will be trimmed during the optimization process.
WARNING:Xst:1710 - FF/Latch <Inst_PROCESADOR_LCD_REVC/BD_LCD_4> (without init value) has a constant value of 0 in block <LIB_LCD_INTESC_REVC>. This FF/Latch will be trimmed during the optimization process.
WARNING:Xst:1895 - Due to other FF/Latch trimming, FF/Latch <Inst_PROCESADOR_LCD_REVC/BD_LCD_5> (without init value) has a constant value of 0 in block <LIB_LCD_INTESC_REVC>. This FF/Latch will be trimmed during the optimization process.
WARNING:Xst:1895 - Due to other FF/Latch trimming, FF/Latch <Inst_PROCESADOR_LCD_REVC/BD_LCD_6> (without init value) has a constant value of 0 in block <LIB_LCD_INTESC_REVC>. This FF/Latch will be trimmed during the optimization process.
WARNING:Xst:1895 - Due to other FF/Latch trimming, FF/Latch <Inst_PROCESADOR_LCD_REVC/BD_LCD_7> (without init value) has a constant value of 0 in block <LIB_LCD_INTESC_REVC>. This FF/Latch will be trimmed during the optimization process.
WARNING:Xst:2677 - Node <Inst_PROCESADOR_LCD_REVC/INC_DIR_S_6> of sequential type is unconnected in block <LIB_LCD_INTESC_REVC>.
WARNING:Xst:2677 - Node <Inst_PROCESADOR_LCD_REVC/INC_DIR_S_7> of sequential type is unconnected in block <LIB_LCD_INTESC_REVC>.
WARNING:Xst:2677 - Node <Inst_PROCESADOR_LCD_REVC/INC_DIR_S_8> of sequential type is unconnected in block <LIB_LCD_INTESC_REVC>.
WARNING:Xst:2677 - Node <Inst_PROCESADOR_LCD_REVC/INC_DIR_S_9> of sequential type is unconnected in block <LIB_LCD_INTESC_REVC>.
WARNING:Xst:2677 - Node <Inst_PROCESADOR_LCD_REVC/INC_DIR_S_10> of sequential type is unconnected in block <LIB_LCD_INTESC_REVC>.
WARNING:Xst:2677 - Node <Inst_PROCESADOR_LCD_REVC/DIR_BI_6> of sequential type is unconnected in block <LIB_LCD_INTESC_REVC>.
WARNING:Xst:2677 - Node <Inst_PROCESADOR_LCD_REVC/DIR_BI_7> of sequential type is unconnected in block <LIB_LCD_INTESC_REVC>.
WARNING:Xst:2677 - Node <Inst_PROCESADOR_LCD_REVC/DIR_BI_8> of sequential type is unconnected in block <LIB_LCD_INTESC_REVC>.
WARNING:Xst:2677 - Node <Inst_PROCESADOR_LCD_REVC/DIR_BI_9> of sequential type is unconnected in block <LIB_LCD_INTESC_REVC>.
WARNING:Xst:2677 - Node <Inst_PROCESADOR_LCD_REVC/DIR_BI_10> of sequential type is unconnected in block <LIB_LCD_INTESC_REVC>.

Optimizing unit <LIB_LCD_INTESC_REVC> ...
WARNING:Xst:1710 - FF/Latch <Inst_PROCESADOR_LCD_REVC/VEC_RAM_6> (without init value) has a constant value of 1 in block <LIB_LCD_INTESC_REVC>. This FF/Latch will be trimmed during the optimization process.
WARNING:Xst:1710 - FF/Latch <Inst_PROCESADOR_LCD_REVC/VEC_RAM_6> (without init value) has a constant value of 1 in block <LIB_LCD_INTESC_REVC>. This FF/Latch will be trimmed during the optimization process.

Mapping all equations...
Building and optimizing final netlist ...
Found area constraint ratio of 100 (+ 5) on block LIB_LCD_INTESC_REVC, actual ratio is 5.

Final Macro Processing ...

=========================================================================
Final Register Report

Macro Statistics
# Registers                                            : 168
 Flip-Flops                                            : 168

=========================================================================

=========================================================================
*                           Partition Report                            *
=========================================================================

Partition Implementation Status
-------------------------------

  No Partitions were found in this design.

-------------------------------

=========================================================================
*                            Final Report                               *
=========================================================================
Final Results
RTL Top Level Output File Name     : LIB_LCD_INTESC_REVC.ngr
Top Level Output File Name         : LIB_LCD_INTESC_REVC
Output Format                      : NGC
Optimization Goal                  : Speed
Keep Hierarchy                     : No

Design Statistics
# IOs                              : 22

Cell Usage :
# BELS                             : 687
#      GND                         : 1
#      INV                         : 11
#      LUT1                        : 58
#      LUT2                        : 40
#      LUT2_D                      : 3
#      LUT2_L                      : 2
#      LUT3                        : 66
#      LUT3_D                      : 7
#      LUT3_L                      : 9
#      LUT4                        : 241
#      LUT4_D                      : 23
#      LUT4_L                      : 22
#      MUXCY                       : 129
#      MUXF5                       : 6
#      VCC                         : 1
#      XORCY                       : 68
# FlipFlops/Latches                : 176
#      FD                          : 71
#      FDE                         : 45
#      FDR                         : 1
#      FDS                         : 51
#      LD                          : 8
# RAMS                             : 1
#      RAMB16_S9                   : 1
# Clock Buffers                    : 1
#      BUFGP                       : 1
# IO Buffers                       : 21
#      IBUF                        : 2
#      OBUF                        : 19
=========================================================================

Device utilization summary:
---------------------------

Selected Device : 3s500efg320-4 

 Number of Slices:                      258  out of   4656     5%  
 Number of Slice Flip Flops:            176  out of   9312     1%  
 Number of 4 input LUTs:                482  out of   9312     5%  
 Number of IOs:                          22
 Number of bonded IOBs:                  22  out of    232     9%  
 Number of BRAMs:                         1  out of     20     5%  
 Number of GCLKs:                         1  out of     24     4%  

---------------------------
Partition Resource Summary:
---------------------------

  No Partitions were found in this design.

---------------------------


=========================================================================
TIMING REPORT

NOTE: THESE TIMING NUMBERS ARE ONLY A SYNTHESIS ESTIMATE.
      FOR ACCURATE TIMING INFORMATION PLEASE REFER TO THE TRACE REPORT
      GENERATED AFTER PLACE-and-ROUTE.

Clock Information:
------------------
-----------------------------------------------------------------------------------+-------------------------------------------+-------+
Clock Signal                                                                       | Clock buffer(FF name)                     | Load  |
-----------------------------------------------------------------------------------+-------------------------------------------+-------+
CLK                                                                                | BUFGP                                     | 169   |
Inst_PROCESADOR_LCD_REVC/DATA_A_not0001(Inst_PROCESADOR_LCD_REVC/DATA_A_not00012:O)| NONE(*)(Inst_PROCESADOR_LCD_REVC/DATA_A_0)| 8     |
-----------------------------------------------------------------------------------+-------------------------------------------+-------+
(*) This 1 clock signal(s) are generated by combinatorial logic,
and XST is not able to identify which are the primary clock signals.
Please use the CLOCK_SIGNAL constraint to specify the clock signal(s) generated by combinatorial logic.
INFO:Xst:2169 - HDL ADVISOR - Some clock signals were not automatically buffered by XST with BUFG/BUFR resources. Please use the buffer_type constraint in order to insert these buffers to the clock signals to help prevent skew problems.

Asynchronous Control Signals Information:
----------------------------------------
No asynchronous control signals found in this design

Timing Summary:
---------------
Speed Grade: -4

   Minimum period: 10.817ns (Maximum Frequency: 92.443MHz)
   Minimum input arrival time before clock: 5.197ns
   Maximum output required time after clock: 12.040ns
   Maximum combinational path delay: No path found

Timing Detail:
--------------
All values displayed in nanoseconds (ns)

=========================================================================
Timing constraint: Default period analysis for Clock 'CLK'
  Clock period: 10.817ns (frequency: 92.443MHz)
  Total number of paths / destination ports: 8192 / 270
-------------------------------------------------------------------------
Delay:               10.817ns (Levels of Logic = 12)
  Source:            Mrom_VECTOR_MEM_S (RAM)
  Destination:       Inst_PROCESADOR_LCD_REVC/VEC_CHAR_7 (FF)
  Source Clock:      CLK rising
  Destination Clock: CLK rising

  Data Path: Mrom_VECTOR_MEM_S to Inst_PROCESADOR_LCD_REVC/VEC_CHAR_7
                                Gate     Net
    Cell:in->out      fanout   Delay   Delay  Logical Name (Net Name)
    ----------------------------------------  ------------
     RAMB16_S9:CLK->DO0   36   2.800   1.438  Mrom_VECTOR_MEM_S (VECTOR_MEM_S<0>)
     LUT3:I0->O            1   0.704   0.455  Inst_PROCESADOR_LCD_REVC/ESTADO_cmp_ge000127 (Inst_PROCESADOR_LCD_REVC/ESTADO_cmp_ge000127)
     LUT4:I2->O            4   0.704   0.591  Inst_PROCESADOR_LCD_REVC/ESTADO_cmp_ge0001220 (Inst_PROCESADOR_LCD_REVC/ESTADO_cmp_ge0001)
     LUT4:I3->O            7   0.704   0.787  Inst_PROCESADOR_LCD_REVC/VEC_CHAR_and000047 (Inst_PROCESADOR_LCD_REVC/VEC_CHAR_and0000)
     LUT3:I1->O            1   0.704   0.000  Inst_PROCESADOR_LCD_REVC/Msub_VEC_CHAR_mux0001_lut<0> (Inst_PROCESADOR_LCD_REVC/Msub_VEC_CHAR_mux0001_lut<0>)
     MUXCY:S->O            1   0.464   0.000  Inst_PROCESADOR_LCD_REVC/Msub_VEC_CHAR_mux0001_cy<0> (Inst_PROCESADOR_LCD_REVC/Msub_VEC_CHAR_mux0001_cy<0>)
     MUXCY:CI->O           1   0.059   0.000  Inst_PROCESADOR_LCD_REVC/Msub_VEC_CHAR_mux0001_cy<1> (Inst_PROCESADOR_LCD_REVC/Msub_VEC_CHAR_mux0001_cy<1>)
     MUXCY:CI->O           1   0.059   0.000  Inst_PROCESADOR_LCD_REVC/Msub_VEC_CHAR_mux0001_cy<2> (Inst_PROCESADOR_LCD_REVC/Msub_VEC_CHAR_mux0001_cy<2>)
     MUXCY:CI->O           1   0.059   0.000  Inst_PROCESADOR_LCD_REVC/Msub_VEC_CHAR_mux0001_cy<3> (Inst_PROCESADOR_LCD_REVC/Msub_VEC_CHAR_mux0001_cy<3>)
     MUXCY:CI->O           1   0.059   0.000  Inst_PROCESADOR_LCD_REVC/Msub_VEC_CHAR_mux0001_cy<4> (Inst_PROCESADOR_LCD_REVC/Msub_VEC_CHAR_mux0001_cy<4>)
     MUXCY:CI->O           1   0.059   0.000  Inst_PROCESADOR_LCD_REVC/Msub_VEC_CHAR_mux0001_cy<5> (Inst_PROCESADOR_LCD_REVC/Msub_VEC_CHAR_mux0001_cy<5>)
     MUXCY:CI->O           0   0.059   0.000  Inst_PROCESADOR_LCD_REVC/Msub_VEC_CHAR_mux0001_cy<6> (Inst_PROCESADOR_LCD_REVC/Msub_VEC_CHAR_mux0001_cy<6>)
     XORCY:CI->O           1   0.804   0.000  Inst_PROCESADOR_LCD_REVC/Msub_VEC_CHAR_mux0001_xor<7> (Inst_PROCESADOR_LCD_REVC/VEC_CHAR_mux0001<7>)
     FDE:D                     0.308          Inst_PROCESADOR_LCD_REVC/VEC_CHAR_7
    ----------------------------------------
    Total                     10.817ns (7.546ns logic, 3.271ns route)
                                       (69.8% logic, 30.2% route)

=========================================================================
Timing constraint: Default OFFSET IN BEFORE for Clock 'CLK'
  Total number of paths / destination ports: 7 / 5
-------------------------------------------------------------------------
Offset:              5.197ns (Levels of Logic = 4)
  Source:            CORD (PAD)
  Destination:       Inst_PROCESADOR_LCD_REVC/ESTADO_FSM_FFd15 (FF)
  Destination Clock: CLK rising

  Data Path: CORD to Inst_PROCESADOR_LCD_REVC/ESTADO_FSM_FFd15
                                Gate     Net
    Cell:in->out      fanout   Delay   Delay  Logical Name (Net Name)
    ----------------------------------------  ------------
     IBUF:I->O             2   1.218   0.622  CORD_IBUF (CORD_IBUF)
     LUT4:I0->O            1   0.704   0.455  Inst_PROCESADOR_LCD_REVC/ESTADO_FSM_FFd29-In2_SW0 (N211)
     LUT4_D:I2->O          2   0.704   0.482  Inst_PROCESADOR_LCD_REVC/ESTADO_FSM_FFd29-In3 (Inst_PROCESADOR_LCD_REVC/ESTADO_FSM_N14)
     LUT3:I2->O            1   0.704   0.000  Inst_PROCESADOR_LCD_REVC/ESTADO_FSM_FFd15-In1 (Inst_PROCESADOR_LCD_REVC/ESTADO_FSM_FFd15-In1)
     FDR:D                     0.308          Inst_PROCESADOR_LCD_REVC/ESTADO_FSM_FFd15
    ----------------------------------------
    Total                      5.197ns (3.638ns logic, 1.559ns route)
                                       (70.0% logic, 30.0% route)

=========================================================================
Timing constraint: Default OFFSET OUT AFTER for Clock 'CLK'
  Total number of paths / destination ports: 196 / 14
-------------------------------------------------------------------------
Offset:              12.040ns (Levels of Logic = 5)
  Source:            Mrom_VECTOR_MEM_S (RAM)
  Destination:       DATA_LCD<1> (PAD)
  Source Clock:      CLK rising

  Data Path: Mrom_VECTOR_MEM_S to DATA_LCD<1>
                                Gate     Net
    Cell:in->out      fanout   Delay   Delay  Logical Name (Net Name)
    ----------------------------------------  ------------
     RAMB16_S9:CLK->DO6   24   2.800   1.331  Mrom_VECTOR_MEM_S (VECTOR_MEM_S<6>)
     LUT4:I1->O            2   0.704   0.451  Inst_PROCESADOR_LCD_REVC/ESTADO_FSM_FFd26-In2_SW1 (N223)
     LUT4:I3->O            2   0.704   0.526  Inst_PROCESADOR_LCD_REVC/DATA_and0000 (Inst_PROCESADOR_LCD_REVC/DATA_and0000)
     LUT4:I1->O            1   0.704   0.424  Inst_PROCESADOR_LCD_REVC/DATA<1>_SW0 (N121)
     LUT4:I3->O            1   0.704   0.420  Inst_PROCESADOR_LCD_REVC/DATA<1> (DATA_LCD_1_OBUF)
     OBUF:I->O                 3.272          DATA_LCD_1_OBUF (DATA_LCD<1>)
    ----------------------------------------
    Total                     12.040ns (8.888ns logic, 3.152ns route)
                                       (73.8% logic, 26.2% route)

=========================================================================
Timing constraint: Default OFFSET OUT AFTER for Clock 'Inst_PROCESADOR_LCD_REVC/DATA_A_not0001'
  Total number of paths / destination ports: 9 / 8
-------------------------------------------------------------------------
Offset:              7.218ns (Levels of Logic = 4)
  Source:            Inst_PROCESADOR_LCD_REVC/DATA_A_6 (LATCH)
  Destination:       DATA_LCD<6> (PAD)
  Source Clock:      Inst_PROCESADOR_LCD_REVC/DATA_A_not0001 falling

  Data Path: Inst_PROCESADOR_LCD_REVC/DATA_A_6 to DATA_LCD<6>
                                Gate     Net
    Cell:in->out      fanout   Delay   Delay  Logical Name (Net Name)
    ----------------------------------------  ------------
     LD:G->Q               2   0.676   0.526  Inst_PROCESADOR_LCD_REVC/DATA_A_6 (Inst_PROCESADOR_LCD_REVC/DATA_A_6)
     LUT4:I1->O            1   0.704   0.000  Inst_PROCESADOR_LCD_REVC/DATA<6>61 (Inst_PROCESADOR_LCD_REVC/DATA<6>61)
     MUXF5:I1->O           1   0.321   0.595  Inst_PROCESADOR_LCD_REVC/DATA<6>6_f5 (Inst_PROCESADOR_LCD_REVC/DATA<6>6)
     LUT2:I0->O            1   0.704   0.420  Inst_PROCESADOR_LCD_REVC/DATA<6>13 (DATA_LCD_6_OBUF)
     OBUF:I->O                 3.272          DATA_LCD_6_OBUF (DATA_LCD<6>)
    ----------------------------------------
    Total                      7.218ns (5.677ns logic, 1.541ns route)
                                       (78.7% logic, 21.3% route)

=========================================================================


Total REAL time to Xst completion: 20.00 secs
Total CPU time to Xst completion: 20.59 secs
 
--> 

Total memory usage is 308216 kilobytes

Number of errors   :    0 (   0 filtered)
Number of warnings :   70 (   0 filtered)
Number of infos    :   12 (   0 filtered)

