V3 14
FL C:/Users/Cristian/Documents/ISE/Lcd_16x2/CARACTERES_ESPECIALES_REVC.vhd 2018/03/10.09:44:26 P.20131013
EN work/CARACTERES_ESPECIALES_REVC 1520695171 \
      FL C:/Users/Cristian/Documents/ISE/Lcd_16x2/CARACTERES_ESPECIALES_REVC.vhd \
      PB ieee/std_logic_1164 1381692176
AR work/CARACTERES_ESPECIALES_REVC/Behavioral 1520695172 \
      FL C:/Users/Cristian/Documents/ISE/Lcd_16x2/CARACTERES_ESPECIALES_REVC.vhd \
      EN work/CARACTERES_ESPECIALES_REVC 1520695171
FL C:/Users/Cristian/Documents/ISE/Lcd_16x2/COMANDOS_LCD_REVC.vhd 2018/03/10.09:44:29 P.20131013
PH work/COMANDOS_LCD_REVC 1520695167 \
      FL C:/Users/Cristian/Documents/ISE/Lcd_16x2/COMANDOS_LCD_REVC.vhd \
      PB ieee/std_logic_1164 1381692176 PB ieee/NUMERIC_STD 1381692181 \
      PB ieee/STD_LOGIC_UNSIGNED 1381692179
PB work/COMANDOS_LCD_REVC 1520695168 \
      FL C:/Users/Cristian/Documents/ISE/Lcd_16x2/COMANDOS_LCD_REVC.vhd \
      PH work/COMANDOS_LCD_REVC 1520695167
FL C:/Users/Cristian/Documents/ISE/Lcd_16x2/LIB_LCD_INTESC_REVC.vhd 2018/03/10.10:07:34 P.20131013
EN work/LIB_LCD_INTESC_REVC 1520695173 \
      FL C:/Users/Cristian/Documents/ISE/Lcd_16x2/LIB_LCD_INTESC_REVC.vhd \
      PB ieee/std_logic_1164 1381692176 PB ieee/NUMERIC_STD 1381692181 \
      PB ieee/STD_LOGIC_UNSIGNED 1381692179 PB ieee/std_logic_arith 1381692177 \
      PB work/COMANDOS_LCD_REVC 1520695168
AR work/LIB_LCD_INTESC_REVC/Behavioral 1520695174 \
      FL C:/Users/Cristian/Documents/ISE/Lcd_16x2/LIB_LCD_INTESC_REVC.vhd \
      EN work/LIB_LCD_INTESC_REVC 1520695173 CP PROCESADOR_LCD_REVC \
      CP CARACTERES_ESPECIALES_REVC
FL C:/Users/Cristian/Documents/ISE/Lcd_16x2/PROCESADOR_LCD_REVC.vhd 2018/03/10.09:44:35 P.20131013
EN work/PROCESADOR_LCD_REVC 1520695169 \
      FL C:/Users/Cristian/Documents/ISE/Lcd_16x2/PROCESADOR_LCD_REVC.vhd \
      PB ieee/std_logic_1164 1381692176 PB ieee/NUMERIC_STD 1381692181 \
      PB ieee/STD_LOGIC_UNSIGNED 1381692179
AR work/PROCESADOR_LCD_REVC/Behavioral 1520695170 \
      FL C:/Users/Cristian/Documents/ISE/Lcd_16x2/PROCESADOR_LCD_REVC.vhd \
      EN work/PROCESADOR_LCD_REVC 1520695169
