PH comandos_lcd4bits_revb NULL "C:/Users/Cristian/Documents/ISE/Protocolo Rs232/Rs232/COMANDOS_LCD4BITS_REVB.vhd" sub00/vhpl00 1526512450
AR procesador_lcd4bits_revb behavioral "C:/Users/Cristian/Documents/ISE/Protocolo Rs232/Rs232/PROCESADOR_LCD4BITS_REVB.vhd" sub00/vhpl09 1526512459
PB op_division op_division "C:/Users/Cristian/Documents/ISE/Protocolo Rs232/Rs232/OP_DIVISION.vhd" sub00/vhpl03 1526512453
EN procesador_lcd4bits_revb NULL "C:/Users/Cristian/Documents/ISE/Protocolo Rs232/Rs232/PROCESADOR_LCD4BITS_REVB.vhd" sub00/vhpl08 1526512458
PB comandos_lcd4bits_revb comandos_lcd4bits_revb "C:/Users/Cristian/Documents/ISE/Protocolo Rs232/Rs232/COMANDOS_LCD4BITS_REVB.vhd" sub00/vhpl01 1526512451
EN caracteres_especiales_lcd4bits_revb NULL "C:/Users/Cristian/Documents/ISE/Protocolo Rs232/Rs232/CARACTERES_ESPECIALES_LCD4BITS_REVB.vhd" sub00/vhpl10 1526512460
EN lib_lcd4bits_intesc_revb NULL "C:/Users/Cristian/Documents/ISE/Protocolo Rs232/Rs232/LIB_LCD4BITS_INTESC_REVB.vhd" sub00/vhpl12 1526512462
AR rs232 behavioral "C:/Users/Cristian/Documents/ISE/Protocolo Rs232/Rs232/RS232.vhd" sub00/vhpl05 1526512455
PH op_division NULL "C:/Users/Cristian/Documents/ISE/Protocolo Rs232/Rs232/OP_DIVISION.vhd" sub00/vhpl02 1526512452
EN rs232 NULL "C:/Users/Cristian/Documents/ISE/Protocolo Rs232/Rs232/RS232.vhd" sub00/vhpl04 1526512454
EN colecto NULL "C:/Users/Cristian/Documents/ISE/Protocolo Rs232/Rs232/COLECTO.vhd" sub00/vhpl06 1526512456
AR colecto behavioral "C:/Users/Cristian/Documents/ISE/Protocolo Rs232/Rs232/COLECTO.vhd" sub00/vhpl07 1526512457
AR lib_lcd4bits_intesc_revb behavioral "C:/Users/Cristian/Documents/ISE/Protocolo Rs232/Rs232/LIB_LCD4BITS_INTESC_REVB.vhd" sub00/vhpl13 1526512463
AR caracteres_especiales_lcd4bits_revb behavioral "C:/Users/Cristian/Documents/ISE/Protocolo Rs232/Rs232/CARACTERES_ESPECIALES_LCD4BITS_REVB.vhd" sub00/vhpl11 1526512461
