V3 39
FL "C:/Users/Cristian/Documents/ISE/Protocolo Rs232/Rs232/CARACTERES_ESPECIALES_LCD4BITS_REVB.vhd" 2016/04/08.18:27:22 P.20131013
EN work/CARACTERES_ESPECIALES_LCD4BITS_REVB 1526512460 \
      FL "C:/Users/Cristian/Documents/ISE/Protocolo Rs232/Rs232/CARACTERES_ESPECIALES_LCD4BITS_REVB.vhd" \
      PB ieee/std_logic_1164 1381692176
AR work/CARACTERES_ESPECIALES_LCD4BITS_REVB/Behavioral 1526512461 \
      FL "C:/Users/Cristian/Documents/ISE/Protocolo Rs232/Rs232/CARACTERES_ESPECIALES_LCD4BITS_REVB.vhd" \
      EN work/CARACTERES_ESPECIALES_LCD4BITS_REVB 1526512460
FL "C:/Users/Cristian/Documents/ISE/Protocolo Rs232/Rs232/COLECTO.vhd" 2018/05/16.18:03:54 P.20131013
EN work/COLECTO 1526512456 \
      FL "C:/Users/Cristian/Documents/ISE/Protocolo Rs232/Rs232/COLECTO.vhd" \
      PB ieee/std_logic_1164 1381692176 PB ieee/NUMERIC_STD 1381692181 \
      PB ieee/STD_LOGIC_UNSIGNED 1381692179 PB ieee/std_logic_arith 1381692177
AR work/COLECTO/Behavioral 1526512457 \
      FL "C:/Users/Cristian/Documents/ISE/Protocolo Rs232/Rs232/COLECTO.vhd" \
      EN work/COLECTO 1526512456
FL "C:/Users/Cristian/Documents/ISE/Protocolo Rs232/Rs232/COMANDOS_LCD4BITS_REVB.vhd" 2016/04/08.17:14:12 P.20131013
PH work/COMANDOS_LCD4BITS_REVB 1526512450 \
      FL "C:/Users/Cristian/Documents/ISE/Protocolo Rs232/Rs232/COMANDOS_LCD4BITS_REVB.vhd" \
      PB ieee/std_logic_1164 1381692176 PB ieee/NUMERIC_STD 1381692181 \
      PB ieee/STD_LOGIC_UNSIGNED 1381692179
PB work/COMANDOS_LCD4BITS_REVB 1526512451 \
      FL "C:/Users/Cristian/Documents/ISE/Protocolo Rs232/Rs232/COMANDOS_LCD4BITS_REVB.vhd" \
      PH work/COMANDOS_LCD4BITS_REVB 1526512450
FL "C:/Users/Cristian/Documents/ISE/Protocolo Rs232/Rs232/LIB_LCD4BITS_INTESC_REVB.vhd" 2018/05/16.17:55:18 P.20131013
EN work/LIB_LCD4BITS_INTESC_REVB 1526512462 \
      FL "C:/Users/Cristian/Documents/ISE/Protocolo Rs232/Rs232/LIB_LCD4BITS_INTESC_REVB.vhd" \
      PB ieee/std_logic_1164 1381692176 PB ieee/NUMERIC_STD 1381692181 \
      PB ieee/STD_LOGIC_UNSIGNED 1381692179 PB ieee/std_logic_arith 1381692177 \
      PB work/COMANDOS_LCD4BITS_REVB 1526512451 PB work/OP_DIVISION 1526512453
AR work/LIB_LCD4BITS_INTESC_REVB/Behavioral 1526512463 \
      FL "C:/Users/Cristian/Documents/ISE/Protocolo Rs232/Rs232/LIB_LCD4BITS_INTESC_REVB.vhd" \
      EN work/LIB_LCD4BITS_INTESC_REVB 1526512462 CP RS232 CP COLECTO \
      CP PROCESADOR_LCD4BITS_REVB CP CARACTERES_ESPECIALES_LCD4BITS_REVB
FL "C:/Users/Cristian/Documents/ISE/Protocolo Rs232/Rs232/OP_DIVISION.vhd" 2017/02/24.17:46:52 P.20131013
PH work/OP_DIVISION 1526512452 \
      FL "C:/Users/Cristian/Documents/ISE/Protocolo Rs232/Rs232/OP_DIVISION.vhd" \
      PB ieee/std_logic_1164 1381692176 PB ieee/NUMERIC_STD 1381692181 \
      PB ieee/std_logic_arith 1381692177 PB ieee/STD_LOGIC_UNSIGNED 1381692179
PB work/OP_DIVISION 1526512453 \
      FL "C:/Users/Cristian/Documents/ISE/Protocolo Rs232/Rs232/OP_DIVISION.vhd" \
      PH work/OP_DIVISION 1526512452
FL "C:/Users/Cristian/Documents/ISE/Protocolo Rs232/Rs232/PROCESADOR_LCD4BITS_REVB.vhd" 2016/04/11.14:01:18 P.20131013
EN work/PROCESADOR_LCD4BITS_REVB 1526512458 \
      FL "C:/Users/Cristian/Documents/ISE/Protocolo Rs232/Rs232/PROCESADOR_LCD4BITS_REVB.vhd" \
      PB ieee/std_logic_1164 1381692176 PB ieee/NUMERIC_STD 1381692181 \
      PB ieee/STD_LOGIC_UNSIGNED 1381692179
AR work/PROCESADOR_LCD4BITS_REVB/Behavioral 1526512459 \
      FL "C:/Users/Cristian/Documents/ISE/Protocolo Rs232/Rs232/PROCESADOR_LCD4BITS_REVB.vhd" \
      EN work/PROCESADOR_LCD4BITS_REVB 1526512458
FL "C:/Users/Cristian/Documents/ISE/Protocolo Rs232/Rs232/RS232.vhd" 2014/09/16.11:29:22 P.20131013
EN work/RS232 1526512454 \
      FL "C:/Users/Cristian/Documents/ISE/Protocolo Rs232/Rs232/RS232.vhd" \
      PB ieee/std_logic_1164 1381692176
AR work/RS232/Behavioral 1526512455 \
      FL "C:/Users/Cristian/Documents/ISE/Protocolo Rs232/Rs232/RS232.vhd" \
      EN work/RS232 1526512454
FL C:/Users/Cristian/Documents/ISE/Rs232/CARACTERES_ESPECIALES_LCD4BITS_REVB.vhd 2016/04/08.18:27:22 P.20131013
FL C:/Users/Cristian/Documents/ISE/Rs232/COLECTO.vhd 2018/04/29.09:01:49 P.20131013
FL C:/Users/Cristian/Documents/ISE/Rs232/COMANDOS_LCD4BITS_REVB.vhd 2016/04/08.17:14:12 P.20131013
FL C:/Users/Cristian/Documents/ISE/Rs232/LIB_LCD4BITS_INTESC_REVB.vhd 2018/04/29.09:28:25 P.20131013
FL C:/Users/Cristian/Documents/ISE/Rs232/OP_DIVISION.vhd 2017/02/24.17:46:52 P.20131013
FL C:/Users/Cristian/Documents/ISE/Rs232/PROCESADOR_LCD4BITS_REVB.vhd 2016/04/11.14:01:18 P.20131013
FL C:/Users/Cristian/Documents/ISE/Rs232/RS232.vhd 2014/09/16.11:29:22 P.20131013
FL "C:/Users/Cristian/Downloads/Modulo 4 Protocolo/Rs232/CARACTERES_ESPECIALES_LCD4BITS_REVB.vhd" 2016/04/08.18:27:22 P.20131013
FL "C:/Users/Cristian/Downloads/Modulo 4 Protocolo/Rs232/COLECTO.vhd" 2018/05/09.19:17:43 P.20131013
FL "C:/Users/Cristian/Downloads/Modulo 4 Protocolo/Rs232/COMANDOS_LCD4BITS_REVB.vhd" 2016/04/08.17:14:12 P.20131013
FL "C:/Users/Cristian/Downloads/Modulo 4 Protocolo/Rs232/LIB_LCD4BITS_INTESC_REVB.vhd" 2018/05/09.19:44:08 P.20131013
FL "C:/Users/Cristian/Downloads/Modulo 4 Protocolo/Rs232/OP_DIVISION.vhd" 2017/02/24.17:46:52 P.20131013
FL "C:/Users/Cristian/Downloads/Modulo 4 Protocolo/Rs232/PROCESADOR_LCD4BITS_REVB.vhd" 2016/04/11.14:01:18 P.20131013
FL "C:/Users/Cristian/Downloads/Modulo 4 Protocolo/Rs232/RS232.vhd" 2014/09/16.11:29:22 P.20131013
