V3 3
FL C:/Users/Cristian/Documents/ISE/Sensor/Sensor.vhd 2018/03/14.09:18:02 P.20131013
EN work/Sensor 1521037101 FL C:/Users/Cristian/Documents/ISE/Sensor/Sensor.vhd \
      PB ieee/std_logic_1164 1381692176
AR work/Sensor/Behavioral 1521037102 \
      FL C:/Users/Cristian/Documents/ISE/Sensor/Sensor.vhd EN work/Sensor 1521037101
